---
source: src/run.rs
expression: out
---
te |  fl | exact | at least
 1 |  12 |  3.434% | 100.000%
 1 |  13 | 49.802% |  96.566%
 1 |  14 | 45.471% |  46.764%
 1 |  15 |  1.286% |   1.293%
