---
source: src/run.rs
expression: out
---
te |  fl | exact | at least
15 | 127 |  0.036% | 100.000%
15 | 128 |  0.010% |  99.964%
16 | 129 |  0.000% |  99.954%
16 | 130 |  0.000% |  99.954%
16 | 131 |  0.000% |  99.954%
16 | 132 |  0.076% |  99.954%
16 | 133 |  0.942% |  99.879%
16 | 134 |  5.119% |  98.936%
16 | 135 | 13.748% |  93.817%
16 | 136 |  1.473% |  80.069%
17 | 137 |  0.000% |  78.596%
17 | 138 |  0.000% |  78.596%
17 | 139 |  0.025% |  78.596%
17 | 140 | 11.155% |  78.571%
17 | 141 | 26.465% |  67.415%
17 | 142 | 22.715% |  40.951%
17 | 143 | 12.410% |  18.236%
17 | 144 |  0.539% |   5.826%
18 | 145 |  0.000% |   5.288%
18 | 146 |  0.000% |   5.288%
18 | 147 |  0.058% |   5.288%
18 | 148 |  2.836% |   5.230%
18 | 149 |  1.966% |   2.393%
18 | 150 |  0.381% |   0.428%
18 | 151 |  0.041% |   0.047%
