---
source: src/run.rs
expression: out
---
te |  fl | exact | at least
12 | 103 |  0.021% | 100.000%
12 | 104 |  0.004% |  99.979%
13 | 105 |  0.000% |  99.974%
13 | 106 |  0.000% |  99.974%
13 | 107 |  0.000% |  99.974%
13 | 108 |  0.028% |  99.974%
13 | 109 |  0.245% |  99.946%
13 | 110 |  1.051% |  99.701%
13 | 111 |  3.290% |  98.650%
13 | 112 |  0.406% |  95.359%
14 | 113 |  0.000% |  94.953%
14 | 114 |  0.000% |  94.953%
14 | 115 |  0.084% |  94.953%
14 | 116 |  2.998% |  94.869%
14 | 117 | 10.754% |  91.871%
14 | 118 | 17.482% |  81.116%
14 | 119 | 20.767% |  63.634%
14 | 120 |  1.526% |  42.867%
15 | 121 |  0.000% |  41.342%
15 | 122 |  0.000% |  41.342%
15 | 123 |  0.619% |  41.341%
15 | 124 | 10.345% |  40.722%
15 | 125 | 15.227% |  30.377%
15 | 126 |  9.224% |  15.150%
15 | 127 |  4.083% |   5.926%
15 | 128 |  0.164% |   1.843%
16 | 129 |  0.000% |   1.680%
16 | 130 |  0.000% |   1.680%
16 | 131 |  0.113% |   1.679%
16 | 132 |  0.883% |   1.566%
16 | 133 |  0.539% |   0.683%
16 | 134 |  0.119% |   0.144%
16 | 135 |  0.019% |   0.025%
