---
source: src/run.rs
expression: out
---
te |  fl | exact | at least
 0 |   7 |  1.513% | 100.000%
 0 |   8 |  0.257% |  98.487%
 1 |   9 |  0.000% |  98.230%
 1 |  10 | 19.660% |  98.230%
 1 |  11 | 59.239% |  78.571%
 1 |  12 | 17.526% |  19.332%
 1 |  13 |  1.747% |   1.805%
 1 |  14 |  0.058% |   0.058%
