---
source: src/run.rs
expression: out
---
te |  fl | exact | at least
 0 |   2 |  0.093% | 100.000%
 0 |   3 | 99.906% |  99.907%
